[1/333] yellow/happy: «Ha, that's a mistake»... готово
[2/333] yellow/happy: «Passing by again, genius»... готово
[3/333] yellow/happy: «Splendidly ruined everything»... готово
[4/333] yellow/happy: «What a sure fail»... готово
[5/333] yellow/happy: «Predictable. And very funny»... готово
[6/333] yellow/happy: «The boy was on his way to success. Didn't get there»... готово
[7/333] yellow/happy: «Miss. Let's do it again, it's all bullshit»... готово
[8/333] yellow/happy: «At that moment you realized: a mistake»... готово
[9/333] yellow/happy: «Absolutely not Stonks»... готово
[10/333] yellow/happy: «Do you sell mistakes? No, you're just showing»... готово
[11/333] yellow/happy: «The Oscar for missing the mark is already yours»... готово
[12/333] yellow/happy: «Legendary miss. The earth shook»... готово
[13/333] yellow/happy: «It didn't work out. Marvelous»... готово
[14/333] yellow/happy: «Roll the credits. The hero was wrong»... готово
[15/333] yellow/happy: «Who are you? Go guess again»... готово
[16/333] yellow/happy: «You tried - it's already funny»... готово
[17/333] yellow/happy: «Intelligence has left this building»... готово
[18/333] yellow/happy: «Your brain has gone into hibernation»... готово
[19/333] yellow/happy: «Error? What a surprise»... готово
[20/333] yellow/happy: «But he missed the mark with pathos»... готово
[21/333] yellow/happy: «Best Fail Award is yours»... готово
[22/333] yellow/happy: «Brilliantly by. Hats off»... готово
[23/333] yellow/happy: «Eye gauge sold separately again»... готово
[24/333] yellow/happy: «Even the failure is impressed by you»... готово
[25/333] yellow/happy: «Press again, let's laugh»... готово
[26/333] yellow/happy: «The bottom has been broken. You're still digging»... готово
[27/333] yellow/happy: «Open a museum of your mistakes»... готово
[28/333] yellow/happy: «The rake has been found. You've come»... готово
[29/333] yellow/happy: «Diagnosis: chronically wrong button»... готово
[30/333] yellow/happy: «Magnificent, standard miss»... готово
[31/333] yellow/happy: «This is a fiasco, bro.»... готово
[32/333] yellow/happy: «And you missed cleverly»... готово
[33/333] yellow/happy: «This has never happened before. And again»... готово
[34/333] yellow/happy: «Hello again, error»... готово
[35/333] yellow/happy: «Whoops, minus one try»... готово
[36/333] yellow/happy: «Houston, you're in trouble.»... готово
[37/333] yellow/happy: «You won't pass. Already passed»... готово
[38/333] yellow/happy: «There will be no kin. You ruined everything»... готово
[39/333] yellow/happy: «The force is clearly not with you»... готово
[40/333] yellow/happy: «The miss is counted. The applause is canceled»... готово
[41/333] yellow/happy: «Hasta la vista, victory»... готово
[42/333] yellow/happy: «Your answer is missing»... готово
[43/333] yellow/happy: «A pitiful sight. But it's free»... готово
[44/333] yellow/happy: «And mistakes rose from the ashes»... готово
[45/333] yellow/unhappy: «It's just an accident»... готово
[46/333] yellow/unhappy: «Don't rejoice too early»... готово
[47/333] yellow/unhappy: «You're lucky again»... готово
[48/333] yellow/unhappy: «Next time you'll lose»... готово
[49/333] yellow/unhappy: «It can't be, I guessed right»... готово
[50/333] yellow/unhappy: «This is editing. I protest»... готово
[51/333] yellow/unhappy: «Well, yes. Go be proud»... готово
[52/333] yellow/unhappy: «You don't understand, this is different»... готово
[53/333] yellow/unhappy: «No holiday. You just guessed»... готово
[54/333] yellow/unhappy: «But there were some conversations. You just guessed»... готово
[55/333] yellow/unhappy: «You're rubbing some kind of victory into me»... готово
[56/333] yellow/unhappy: «Who wins like that?»... готово
[57/333] yellow/unhappy: «A winner has been found. Not for long»... готово
[58/333] yellow/unhappy: «Your luck breaks the rules»... готово
[59/333] yellow/unhappy: «Who leaked the answers to you»... готово
[60/333] yellow/unhappy: «I accidentally hit the target again»... готово
[61/333] yellow/unhappy: «The round has been purchased. I protest»... готово
[62/333] yellow/unhappy: «Your luck pisses me off»... готово
[63/333] yellow/unhappy: «Smart, huh? Let's see further»... готово
[64/333] yellow/unhappy: «Just lucky. Don't flatter yourself»... готово
[65/333] yellow/unhappy: «Cancel this correct answer»... готово
[66/333] yellow/unhappy: «The game clearly has its way with you»... готово
[67/333] yellow/unhappy: «My disappointment has updated the record»... готово
[68/333] yellow/unhappy: «I demand VAR! The answer is paid»... готово
[69/333] yellow/unhappy: «I'm stifled by your genius»... готово
[70/333] yellow/unhappy: «Take the pie and go»... готово
[71/333] yellow/unhappy: «Who sent the bot here?»... готово
[72/333] yellow/unhappy: «Coincidence? Don't think. Peeped»... готово
[73/333] yellow/unhappy: «Galya, cancellation. He guessed right again»... готово
[74/333] yellow/unhappy: «You can't just guess»... готово
[75/333] yellow/unhappy: «Well, yes, well, yes. Lucky»... готово
[76/333] yellow/unhappy: «This is different. Replaying»... готово
[77/333] yellow/unhappy: «How disgusting is this victory of yours?»... готово
[78/333] yellow/unhappy: «I don’t recognize you: I took it and won»... готово
[79/333] yellow/unhappy: «Who walled up my victory?»... готово
[80/333] yellow/unhappy: «Fie on your victory»... готово
[81/333] yellow/unhappy: «What do you want, winner?»... готово
[82/333] yellow/unhappy: «You knew too much»... готово
[83/333] yellow/unhappy: «Elementary? Then it doesn't count»... готово
[84/333] yellow/unhappy: «Announce your entire list of tips.»... готово
[85/333] yellow/unhappy: «Your banquet will not be continued»... готово
[86/333] green/happy: «Yes, you guessed it right»... готово
[87/333] green/happy: «You did it»... готово
[88/333] green/happy: «What a great choice»... готово
[89/333] green/happy: «I'm proud of you»... готово
[90/333] green/happy: «This is intuition»... готово
[91/333] green/happy: «For you and your intuition»... готово
[92/333] green/happy: «Correct answer? Krosivo»... готово
[93/333] green/happy: «Stonks! We're just great»... готово
[94/333] green/happy: «This guy chooses exactly»... готово
[95/333] green/happy: «How much better my intuition has become with you?»... готово
[96/333] green/happy: «Victory to the studio. And a kiss»... готово
[97/333] green/happy: «It's crazy to be first. You did it»... готово
[98/333] green/happy: «This is the norm. Well done»... готово
[99/333] green/happy: «I'll turn the calendar over - your victory is there»... готово
[100/333] green/happy: «My stop. Let's go out to celebrate»... готово
[101/333] green/happy: «You are just space, champion»... готово
[102/333] green/happy: «The logic worked perfectly»... готово
[103/333] green/happy: «The stars have aligned. I helped»... готово
[104/333] green/happy: «Your brain pumps biceps»... готово
[105/333] green/happy: «Victory with strawberry flavor»... готово
[106/333] green/happy: «Brilliant. Wrap this smart guy up for me»... готово
[107/333] green/happy: «You are my favorite smart guy»... готово
[108/333] green/happy: «Intuition is a pie. Kiss for you»... готово
[109/333] green/happy: «Let's dance the dance of the winners»... готово
[110/333] green/happy: «Perfect like pizza on Friday»... готово
[111/333] green/happy: «My inner butterflies are applauding»... готово
[112/333] green/happy: «Worked like a flash drive the first time»... готово
[113/333] green/happy: «The smartest zucchini. And mine»... готово
[114/333] green/happy: «Intuition is more stable than my Wi-Fi»... готово
[115/333] green/happy: «I almost hugged the monitor. Come here»... готово
[116/333] green/happy: «Smack and you guessed it right»... готово
[117/333] green/happy: «This is the base. Well done»... готово
[118/333] green/happy: «My respects, legend»... готово
[119/333] green/happy: «Good, little devil. I'll fall in love even more»... готово
[120/333] green/happy: «Victory entered the chat. I put a heart»... готово
[121/333] green/happy: «Everyone dances. Are you with me»... готово
[122/333] green/happy: «What nonsense. Especially the winner»... готово
[123/333] green/happy: «To infinity and beyond. Our round»... готово
[124/333] green/happy: «I'm the queen of the world. You are my champion»... готово
[125/333] green/happy: «We built and built and finally got it right»... готово
[126/333] green/happy: «The force is with you. Victory too»... готово
[127/333] green/happy: «Elementary, my dear Watson»... готово
[128/333] green/happy: «Ku! Three times for a win»... готово
[129/333] green/happy: «You will command the parade»... готово
[130/333] green/happy: «What a beauty! It's about your choice»... готово
[131/333] green/unhappy: «No problem, try again»... готово
[132/333] green/unhappy: «Don't be upset, it happens»... готово
[133/333] green/unhappy: «It didn't work out. I'm still around»... готово
[134/333] green/unhappy: «The next choice will be more accurate»... готово
[135/333] green/unhappy: «I'm still betting on you»... готово
[136/333] green/unhappy: «Understand and forgive. Already done»... готово
[137/333] green/unhappy: «Fiasco accepted. Support enabled»... готово
[138/333] green/unhappy: «I couldn't. But it clicked beautifully»... готово
[139/333] green/unhappy: «The answer is not the same. You're still mine»... готово
[140/333] green/unhappy: «Let's reboot our intuition. We won't have you»... готово
[141/333] green/unhappy: «Calm. I'll cover»... готово
[142/333] green/unhappy: «The mistake was taken into account and released»... готово
[143/333] green/unhappy: «Balls are cancelled. Smiles remain»... готово
[144/333] green/unhappy: «Give your brain a minute. He's trying»... готово
[145/333] green/unhappy: «Next time we'll definitely get there»... готово
[146/333] green/unhappy: «This was a practice attempt»... готово
[147/333] green/unhappy: «Not a mistake, but a plot twist»... готово
[148/333] green/unhappy: «The button slipped. I saw everything»... готово
[149/333] green/unhappy: «The main thing is that you are nearby, there will be answers»... готово
[150/333] green/unhappy: «We were testing the wrong button. Works»... готово
[151/333] green/unhappy: «Nothing, but the miss was beautiful»... готово
[152/333] green/unhappy: «Let's forget this like a bad dream»... готово
[153/333] green/unhappy: «Luck just went out for coffee»... готово
[154/333] green/unhappy: «Geniuses have glitches too»... готово
[155/333] green/unhappy: «The universe got the question wrong»... готово
[156/333] green/unhappy: «But what a bold choice»... готово
[157/333] green/unhappy: «Logic has gone on vacation. We can handle it»... готово
[158/333] green/unhappy: «Victory is slightly delayed»... готово
[159/333] green/unhappy: «It's a fiasco, but a small one»... готово
[160/333] green/unhappy: «Calm down, tiger. One round is not a diagnosis»... готово
[161/333] green/unhappy: «Error left chat»... готово
[162/333] green/unhappy: «We live, we love, we guess further»... готово
[163/333] green/unhappy: «Trifles, everyday matters»... готово
[164/333] green/unhappy: «Smile and wave to angry commentators»... готово
[165/333] green/unhappy: «Keep your nose up, my midshipman»... готово
[166/333] green/unhappy: «The main thing is that you sit next to me»... готово
[167/333] green/unhappy: «We must, darling, we must try again.»... готово
[168/333] green/unhappy: «Tomorrow is a new day. Next round sooner»... готово
[169/333] green/unhappy: «I understand you. Even now»... готово
[170/333] purple/happy: «Oops, it was a mistake»... готово
[171/333] purple/happy: «Haha, I won»... готово
[172/333] purple/happy: «Mistake in my favor»... готово
[173/333] purple/happy: «What a funny turn: you're passing by»... готово
[174/333] purple/happy: «Hurray, you guessed right»... готово
[175/333] purple/happy: «It's okay, we're on fire»... готово
[176/333] purple/happy: «The hunger games have begun. Where are the sandwiches?»... готово
[177/333] purple/happy: «Bring the popcorn, the logic is over»... готово
[178/333] purple/happy: «Breaking is not building. I checked»... готово
[179/333] purple/happy: «Burn logic! Lost torch»... готово
[180/333] purple/happy: «Press F. I don’t know why.»... готово
[181/333] purple/happy: «Stop it! Although no, miss»... готово
[182/333] purple/happy: «Come on, burn some more»... готово
[183/333] purple/happy: «Recklessness and courage. Mostly the first»... готово
[184/333] purple/happy: «Don't call the firemen, I like it»... готово
[185/333] purple/happy: «Chaos approves of this blunder»... готово
[186/333] purple/happy: «Error! Bring another one»... готово
[187/333] purple/happy: «The strategy fell apart. Don't turn over»... готово
[188/333] purple/happy: «Logic is broken. How lovely»... готово
[189/333] purple/happy: «Everything is burning. I'm warm»... готово
[190/333] purple/happy: «Delightful, total oh»... готово
[191/333] purple/happy: «You broke the system. You can fix it later»... готово
[192/333] purple/happy: «The disaster was successful»... готово
[193/333] purple/happy: «I collect mistakes. This one shines»... готово
[194/333] purple/happy: «Random for me today»... готово
[195/333] purple/happy: «Long live the merciless random»... готово
[196/333] purple/happy: «The plan collapsed. Let's put a pillow»... готово
[197/333] purple/happy: «Logic has left the chat. The slippers remain»... готово
[198/333] purple/happy: «The button is small, but the miss is huge»... готово
[199/333] purple/happy: «I love it when the answer is wrong»... готово
[200/333] purple/happy: «Guys, actually I'm a genius»... готово
[201/333] purple/happy: «Dratuti, here comes a miss»... готово
[202/333] purple/happy: «The meme is funny. Your mistake too»... готово
[203/333] purple/happy: «Leather bag made a mistake»... готово
[204/333] purple/happy: «This is the turn: you are in the wrong direction»... готово
[205/333] purple/happy: «I love the smell of misses in the morning»... готово
[206/333] purple/happy: «Release the Kraken! Or a hamster»... готово
[207/333] purple/happy: «This is Sparta! And this is a miss»... готово
[208/333] purple/happy: «Bam, bam - and past»... готово
[209/333] purple/happy: «The miss was discovered by a grandiose niggle»... готово
[210/333] purple/happy: «Make my day. Miss again»... готово
[211/333] purple/happy: «Welcome to the world of wrong buttons»... готово
[212/333] purple/happy: «And now - a control miss!»... готово
[213/333] purple/happy: «Let there be light. Logic burned out»... готово
[214/333] purple/happy: «The chaos map is back in action»... готово
[215/333] purple/unhappy: «Oh, you guessed it right»... готово
[216/333] purple/unhappy: «My plan went wrong again»... готово
[217/333] purple/unhappy: «It wasn't intended that way»... готово
[218/333] purple/unhappy: «Well, the victory is yours»... готово
[219/333] purple/unhappy: «I've figured out almost everything»... готово
[220/333] purple/unhappy: «Boring. You're right again»... готово
[221/333] purple/unhappy: «The chaos tank did not leak again»... готово
[222/333] purple/unhappy: «Well, no action»... готово
[223/333] purple/unhappy: «Where is my apocalypse, people?»... готово
[224/333] purple/unhappy: «Give me back my boner, I'm used to it»... готово
[225/333] purple/unhappy: «This is the fiasco of my chaos»... готово
[226/333] purple/unhappy: «The holiday is closed. You guessed it right»... готово
[227/333] purple/unhappy: «Spent. Too correct answer»... готово
[228/333] purple/unhappy: «What disgusting is your correctness»... готово
[229/333] purple/unhappy: «How boring, you're right again»... готово
[230/333] purple/unhappy: «Your logic kills the fun»... готово
[231/333] purple/unhappy: «Correct answer without special effects»... готово
[232/333] purple/unhappy: «You ruined all the chaos»... готово
[233/333] purple/unhappy: «Order is so sad»... готово
[234/333] purple/unhappy: «Why did you guess? It was fun»... готово
[235/333] purple/unhappy: «My anarchist went to his mother»... готово
[236/333] purple/unhappy: «Correct answer? What a banality»... готово
[237/333] purple/unhappy: «I demand more mistakes and fire»... готово
[238/333] purple/unhappy: «Again this vile correctness»... готово
[239/333] purple/unhappy: «Villainous Laughter is temporarily cancelled.»... готово
[240/333] purple/unhappy: «Perfect chaos brazenly destroyed»... готово
[241/333] purple/unhappy: «The logic is already making my eye twitch»... готово
[242/333] purple/unhappy: «Rules? Phew, you also won»... готово
[243/333] purple/unhappy: «My genius has left the chat»... готово
[244/333] purple/unhappy: «Galya, cancellation of the brilliant plan»... готово
[245/333] purple/unhappy: «I'm an artist, I'm so lost»... готово
[246/333] purple/unhappy: «Nothing is clear, but you won»... готово
[247/333] purple/unhappy: «Your internet has won again»... готово
[248/333] purple/unhappy: «I guessed it right. God, how boring we live»... готово
[249/333] purple/unhappy: «Everything is gone. What - I don’t know»... готово
[250/333] purple/unhappy: «What is the strength? Apparently, in the answer»... готово
[251/333] purple/unhappy: «The victory happened. What a nuisance»... готово
[252/333] purple/unhappy: «It's a shame. I didn't even break anything»... готово
[253/333] purple/unhappy: «I guessed it right. There's nothing else to see here»... готово
[254/333] purple/unhappy: «Again this damn certainty»... готово
[255/333] purple/unhappy: «I wash my hands. Where's the soap?»... готово
[256/333] purple/unhappy: «Curtain. Fun is canceled»... готово
[257/333] red/happy: «Hurray, you guessed it right»... готово
[258/333] red/happy: «I knew it would work»... готово
[259/333] red/happy: «You chose correctly»... готово
[260/333] red/happy: «How great»... готово
[261/333] red/happy: «I'm very happy»... готово
[262/333] red/happy: «Exhale, beaver, exhale»... готово
[263/333] red/happy: «Survived! We live, we live, we don’t give up»... готово
[264/333] red/happy: «Magic outside Hogwarts worked»... готово
[265/333] red/happy: «Lord, it's gone»... готово
[266/333] red/happy: «I'm too young for such nerves»... готово
[267/333] red/happy: «Victory? I'll sit down now»... готово
[268/333] red/happy: «You came and saved everything»... готово
[269/333] red/happy: «Approved by the Ministry of My Nerves»... готово
[270/333] red/happy: «We survived this round»... готово
[271/333] red/happy: «My stop. I'm coming out of my panic»... готово
[272/333] red/happy: «Phew, we're still alive»... готово
[273/333] red/happy: «Happiness is the right button»... готово
[274/333] red/happy: «You saved us from my fainting»... готово
[275/333] red/happy: «I was afraid, but everything turned out okay»... готово
[276/333] red/happy: «The heart is working normally again»... готово
[277/333] red/happy: «Hooray! The scary button turned out to be good»... готово
[278/333] red/happy: «You are a genius. I've almost calmed down»... готово
[279/333] red/happy: «Hurray, we got it right after all»... готово
[280/333] red/happy: «My nerves say thank you»... готово
[281/333] red/happy: «We're great. Now some water»... готово
[282/333] red/happy: «She slid under the table from relief.»... готово
[283/333] red/happy: «Don't touch the other buttons yet»... готово
[284/333] red/happy: «Can I breathe out already?»... готово
[285/333] red/happy: «Your palms were sweating while you were thinking.»... готово
[286/333] red/happy: «Hurray, victory has arrived»... готово
[287/333] red/happy: «You are just space. Stas»... готово
[288/333] red/happy: «My respect and small bow»... готово
[289/333] red/happy: «I chose normally - we live peacefully»... готово
[290/333] red/happy: «Who are you? Legend»... готово
[291/333] red/happy: «It's alive! And so do we»... готово
[292/333] red/happy: «My darling... the right button»... готово
[293/333] red/happy: «I'm not a coward, but I'm happy»... готово
[294/333] red/happy: «Thank you, I've stopped shaking»... готово
[295/333] red/happy: «Run, Forrest! For the next victory»... готово
[296/333] red/happy: «Live well. It's better after a victory»... готово
[297/333] red/unhappy: «Oops, we were wrong»... готово
[298/333] red/unhappy: «It didn't work out a bit»... готово
[299/333] red/unhappy: «Sad. But I'm close»... готово
[300/333] red/unhappy: «Don't give up, I'm here»... готово
[301/333] red/unhappy: «Let's try again»... готово
[302/333] red/unhappy: «It's a trap. The buttons are tricky»... готово
[303/333] red/unhappy: «The button seems to bite»... готово
[304/333] red/unhappy: «Moms, wrong answer gets angry»... готово
[305/333] red/unhappy: «Save yourself who can! We can do it again»... готово
[306/333] red/unhappy: «Call the adults! Or let's try it ourselves»... готово
[307/333] red/unhappy: «Galya, stop panic. Just a miss»... готово
[308/333] red/unhappy: «Some kind of wrong button»... готово
[309/333] red/unhappy: «I'm in the house. I left a place for you»... готово
[310/333] red/unhappy: «Scary. But we'll survive the round»... готово
[311/333] red/unhappy: «Don't panic. I'm already for two»... готово
[312/333] red/unhappy: «It's very scary, but we're holding on.»... готово
[313/333] red/unhappy: «Let's hide, think and come back»... готово
[314/333] red/unhappy: «The main thing is to breathe. The error has already escaped»... готово
[315/333] red/unhappy: «Made a mistake? Mommies. But we're safe»... готово
[316/333] red/unhappy: «No problem, let's try again quietly»... готово
[317/333] red/unhappy: «I closed my eyes. Tell me when is the next round»... готово
[318/333] red/unhappy: «This is an accident. I'm afraid of her»... готово
[319/333] red/unhappy: «I'm scared, but I'm with you»... готово
[320/333] red/unhappy: «Let's walk away as if nothing happened»... готово
[321/333] red/unhappy: «The main thing is no sudden movements»... готово
[322/333] red/unhappy: «It was a very cunning maneuver»... готово
[323/333] red/unhappy: «It's all gone, boss. Besides trying»... готово
[324/333] red/unhappy: «Oops, there was a mistake»... готово
[325/333] red/unhappy: «Not a bug, but a scary adventure»... готово
[326/333] red/unhappy: «We tried. Let's try even smarter»... готово
[327/333] red/unhappy: «I am tormented by doubts. But I believe»... готово
[328/333] red/unhappy: «A mistake takes away hope. I won't give it up!»... готово
[329/333] red/unhappy: «Mulya, don't make me nervous. Error!»... готово
[330/333] red/unhappy: «The mistake came on its own. We didn't call»... готово
[331/333] red/unhappy: «I'm a cloud. Soon there will be sunshine again»... готово
[332/333] red/unhappy: «The carriage became a pumpkin. We are not»... готово
[333/333] red/unhappy: «The evacuation is cancelled. Let's move on»... готово
Все отобранные реплики сгенерированы и опубликованы.
