[1/333] yellow/happy: «Ha, that's a mistake»... готово
[2/333] yellow/happy: «Passing by again, genius»... готово
[3/333] yellow/happy: «Splendidly ruined everything»... готово
[4/333] yellow/happy: «What a sure fail»... готово
[5/333] yellow/happy: «Predictable. And very funny»... готово
[6/333] yellow/happy: «The boy was on his way to success. Didn't get there»... готово
[7/333] yellow/happy: «Miss. Let's do it again, it's all bullshit»... готово
[8/333] yellow/happy: «At that moment you realized: a mistake»... готово
[9/333] yellow/happy: «Absolutely not Stonks»... готово
[10/333] yellow/happy: «Do you sell mistakes? No, you're just showing»... готово
[11/333] yellow/happy: «The Oscar for missing the mark is already yours»... готово
[12/333] yellow/happy: «Legendary miss. The earth shook»... готово
[13/333] yellow/happy: «It didn't work out. Marvelous»... готово
[14/333] yellow/happy: «Roll the credits. The hero was wrong»... готово
[15/333] yellow/happy: «Who are you? Go guess again»... готово
[16/333] yellow/happy: «You tried - it's already funny»... готово
[17/333] yellow/happy: «Intelligence has left this building»... готово
[18/333] yellow/happy: «Your brain has gone into hibernation»... готово
[19/333] yellow/happy: «Error? What a surprise»... готово
[20/333] yellow/happy: «But he missed the mark with pathos»... готово
[21/333] yellow/happy: «Best Fail Award is yours»... готово
[22/333] yellow/happy: «Brilliantly by. Hats off»... готово
[23/333] yellow/happy: «Eye gauge sold separately again»... готово
[24/333] yellow/happy: «Even the failure is impressed by you»... готово
[25/333] yellow/happy: «Press again, let's laugh»... готово
[26/333] yellow/happy: «The bottom has been broken. You're still digging»... готово
[27/333] yellow/happy: «Open a museum of your mistakes»... готово
[28/333] yellow/happy: «The rake has been found. You've come»... готово
[29/333] yellow/happy: «Diagnosis: chronically wrong button»... готово
[30/333] yellow/happy: «Magnificent, standard miss»... готово
[31/333] yellow/happy: «This is a fiasco, bro.»... готово
[32/333] yellow/happy: «And you missed cleverly»... готово
[33/333] yellow/happy: «This has never happened before. And again»... готово
[34/333] yellow/happy: «Hello again, error»... готово
[35/333] yellow/happy: «Whoops, minus one try»... готово
[36/333] yellow/happy: «Houston, you're in trouble.»... готово
[37/333] yellow/happy: «You won't pass. Already passed»... готово
[38/333] yellow/happy: «There will be no kin. You ruined everything»... готово
[39/333] yellow/happy: «The force is clearly not with you»... готово
[40/333] yellow/happy: «The miss is counted. The applause is canceled»... готово
[41/333] yellow/happy: «Hasta la vista, victory»... готово
[42/333] yellow/happy: «Your answer is missing»... готово
[43/333] yellow/happy: «A pitiful sight. But it's free»... готово
[44/333] yellow/happy: «And mistakes rose from the ashes»... готово
[45/333] yellow/unhappy: «It's just an accident»... готово
[46/333] yellow/unhappy: «Don't rejoice too early»... готово
[47/333] yellow/unhappy: «You're lucky again»... готово
[48/333] yellow/unhappy: «Next time you'll lose»... готово
[49/333] yellow/unhappy: «It can't be, I guessed right»... готово
[50/333] yellow/unhappy: «This is editing. I protest»... готово
[51/333] yellow/unhappy: «Well, yes. Go be proud»... готово
[52/333] yellow/unhappy: «You don't understand, this is different»... готово
[53/333] yellow/unhappy: «No holiday. You just guessed»... готово
[54/333] yellow/unhappy: «But there were some conversations. You just guessed»... готово
[55/333] yellow/unhappy: «You're rubbing some kind of victory into me»... готово
[56/333] yellow/unhappy: «Who wins like that?»... готово
[57/333] yellow/unhappy: «A winner has been found. Not for long»... готово
[58/333] yellow/unhappy: «Your luck breaks the rules»... готово
[59/333] yellow/unhappy: «Who leaked the answers to you»... готово
[60/333] yellow/unhappy: «I accidentally hit the target again»... готово
[61/333] yellow/unhappy: «The round has been purchased. I protest»... готово
[62/333] yellow/unhappy: «Your luck pisses me off»... готово
[63/333] yellow/unhappy: «Smart, huh? Let's see further»... готово
[64/333] yellow/unhappy: «Just lucky. Don't flatter yourself»... готово
[65/333] yellow/unhappy: «Cancel this correct answer»... готово
[66/333] yellow/unhappy: «The game clearly has its way with you»... готово
[67/333] yellow/unhappy: «My disappointment has updated the record»... готово
[68/333] yellow/unhappy: «I demand VAR! The answer is paid»... готово
[69/333] yellow/unhappy: «I'm stifled by your genius»... готово
[70/333] yellow/unhappy: «Take the pie and go»... готово
[71/333] yellow/unhappy: «Who sent the bot here?»... готово
[72/333] yellow/unhappy: «Coincidence? Don't think. Peeped»... готово
[73/333] yellow/unhappy: «Galya, cancellation. He guessed right again»... готово
[74/333] yellow/unhappy: «You can't just guess»... готово
[75/333] yellow/unhappy: «Well, yes, well, yes. Lucky»... готово
[76/333] yellow/unhappy: «This is different. Replaying»... готово
[77/333] yellow/unhappy: «How disgusting is this victory of yours?»... готово
[78/333] yellow/unhappy: «I don’t recognize you: I took it and won»... готово
[79/333] yellow/unhappy: «Who walled up my victory?»... готово
[80/333] yellow/unhappy: «Fie on your victory»... готово
[81/333] yellow/unhappy: «What do you want, winner?»... готово
[82/333] yellow/unhappy: «You knew too much»... готово
[83/333] yellow/unhappy: «Elementary? Then it doesn't count»... готово
[84/333] yellow/unhappy: «Announce your entire list of tips.»... готово
[85/333] yellow/unhappy: «Your banquet will not be continued»... готово
Все отобранные реплики сгенерированы и опубликованы.
