[1/333] angry/happy: Ha, that's a mistake
[2/333] angry/happy: Passing by again, genius
[3/333] angry/happy: Splendidly ruined everything
[4/333] angry/happy: What a sure fail
[5/333] angry/happy: Predictable. And very funny
[6/333] angry/happy: The boy was on his way to success. Didn't get there
[7/333] angry/happy: Miss. Let's do it again, it's all bullshit
[8/333] angry/happy: At that moment you realized: a mistake
[9/333] angry/happy: Absolutely not Stonks
[10/333] angry/happy: Do you sell mistakes? No, you're just showing
[11/333] angry/happy: The Oscar for missing the mark is already yours
[12/333] angry/happy: Legendary miss. The earth shook
[13/333] angry/happy: It didn't work out. Marvelous
[14/333] angry/happy: Roll the credits. The hero was wrong
[15/333] angry/happy: Who are you? Go guess again
[16/333] angry/happy: You tried - it's already funny
[17/333] angry/happy: Intelligence has left this building
[18/333] angry/happy: Your brain has gone into hibernation
[19/333] angry/happy: Error? What a surprise
[20/333] angry/happy: But he missed the mark with pathos
[21/333] angry/happy: Best Fail Award is yours
[22/333] angry/happy: Brilliantly by. Hats off
[23/333] angry/happy: Eye gauge sold separately again
[24/333] angry/happy: Even the failure is impressed by you
[25/333] angry/happy: Press again, let's laugh
[26/333] angry/happy: The bottom has been broken. You're still digging
[27/333] angry/happy: Open a museum of your mistakes
[28/333] angry/happy: The rake has been found. You've come
[29/333] angry/happy: Diagnosis: chronically wrong button
[30/333] angry/happy: Magnificent, standard miss
[31/333] angry/happy: This is a fiasco, bro.
[32/333] angry/happy: And you missed cleverly
[33/333] angry/happy: This has never happened before. And again
[34/333] angry/happy: Hello again, error
[35/333] angry/happy: Whoops, minus one try
[36/333] angry/happy: Houston, you're in trouble.
[37/333] angry/happy: You won't pass. Already passed
[38/333] angry/happy: There will be no kin. You ruined everything
[39/333] angry/happy: The force is clearly not with you
[40/333] angry/happy: The miss is counted. The applause is canceled
[41/333] angry/happy: Hasta la vista, victory
[42/333] angry/happy: Your answer is missing
[43/333] angry/happy: A pitiful sight. But it's free
[44/333] angry/happy: And mistakes rose from the ashes
[45/333] angry/unhappy: It's just an accident
[46/333] angry/unhappy: Don't rejoice too early
[47/333] angry/unhappy: You're lucky again
[48/333] angry/unhappy: Next time you'll lose
[49/333] angry/unhappy: It can't be, I guessed right
[50/333] angry/unhappy: This is editing. I protest
[51/333] angry/unhappy: Well, yes. Go be proud
[52/333] angry/unhappy: You don't understand, this is different
[53/333] angry/unhappy: No holiday. You just guessed
[54/333] angry/unhappy: But there were some conversations. You just guessed
[55/333] angry/unhappy: You're rubbing some kind of victory into me
[56/333] angry/unhappy: Who wins like that?
[57/333] angry/unhappy: A winner has been found. Not for long
[58/333] angry/unhappy: Your luck breaks the rules
[59/333] angry/unhappy: Who leaked the answers to you
[60/333] angry/unhappy: I accidentally hit the target again
[61/333] angry/unhappy: The round has been purchased. I protest
[62/333] angry/unhappy: Your luck pisses me off
[63/333] angry/unhappy: Smart, huh? Let's see further
[64/333] angry/unhappy: Just lucky. Don't flatter yourself
[65/333] angry/unhappy: Cancel this correct answer
[66/333] angry/unhappy: The game clearly has its way with you
[67/333] angry/unhappy: My disappointment has updated the record
[68/333] angry/unhappy: I demand VAR! The answer is paid
[69/333] angry/unhappy: I'm stifled by your genius
[70/333] angry/unhappy: Take the pie and go
[71/333] angry/unhappy: Who sent the bot here?
[72/333] angry/unhappy: Coincidence? Don't think. Peeped
[73/333] angry/unhappy: Galya, cancellation. He guessed right again
[74/333] angry/unhappy: You can't just guess
[75/333] angry/unhappy: Well, yes, well, yes. Lucky
[76/333] angry/unhappy: This is different. Replaying
[77/333] angry/unhappy: How disgusting is this victory of yours?
[78/333] angry/unhappy: I don’t recognize you: I took it and won
[79/333] angry/unhappy: Who walled up my victory?
[80/333] angry/unhappy: Fie on your victory
[81/333] angry/unhappy: What do you want, winner?
[82/333] angry/unhappy: You knew too much
[83/333] angry/unhappy: Elementary? Then it doesn't count
[84/333] angry/unhappy: Announce your entire list of tips.
[85/333] angry/unhappy: Your banquet will not be continued
[86/333] kind/happy: Yes, you guessed it right
[87/333] kind/happy: You did it
[88/333] kind/happy: What a great choice
[89/333] kind/happy: I'm proud of you
[90/333] kind/happy: This is intuition
[91/333] kind/happy: For you and your intuition
[92/333] kind/happy: Correct answer? Krosivo
[93/333] kind/happy: Stonks! We're just great
[94/333] kind/happy: This guy chooses exactly
[95/333] kind/happy: How much better my intuition has become with you?
[96/333] kind/happy: Victory to the studio. And a kiss
[97/333] kind/happy: It's crazy to be first. You did it
[98/333] kind/happy: This is the norm. Well done
[99/333] kind/happy: I'll turn the calendar over - your victory is there
[100/333] kind/happy: My stop. Let's go out to celebrate
[101/333] kind/happy: You are just space, champion
[102/333] kind/happy: The logic worked perfectly
[103/333] kind/happy: The stars have aligned. I helped
[104/333] kind/happy: Your brain pumps biceps
[105/333] kind/happy: Victory with strawberry flavor
[106/333] kind/happy: Brilliant. Wrap this smart guy up for me
[107/333] kind/happy: You are my favorite smart guy
[108/333] kind/happy: Intuition is a pie. Kiss for you
[109/333] kind/happy: Let's dance the dance of the winners
[110/333] kind/happy: Perfect like pizza on Friday
[111/333] kind/happy: My inner butterflies are applauding
[112/333] kind/happy: Worked like a flash drive the first time
[113/333] kind/happy: The smartest zucchini. And mine
[114/333] kind/happy: Intuition is more stable than my Wi-Fi
[115/333] kind/happy: I almost hugged the monitor. Come here
[116/333] kind/happy: Smack and you guessed it right
[117/333] kind/happy: This is the base. Well done
[118/333] kind/happy: My respects, legend
[119/333] kind/happy: Good, little devil. I'll fall in love even more
[120/333] kind/happy: Victory entered the chat. I put a heart
[121/333] kind/happy: Everyone dances. Are you with me
[122/333] kind/happy: What nonsense. Especially the winner
[123/333] kind/happy: To infinity and beyond. Our round
[124/333] kind/happy: I'm the queen of the world. You are my champion
[125/333] kind/happy: We built and built and finally got it right
[126/333] kind/happy: The force is with you. Victory too
[127/333] kind/happy: Elementary, my dear Watson
[128/333] kind/happy: Ku! Three times for a win
[129/333] kind/happy: You will command the parade
[130/333] kind/happy: What a beauty! It's about your choice
[131/333] kind/unhappy: No problem, try again
[132/333] kind/unhappy: Don't be upset, it happens
[133/333] kind/unhappy: It didn't work out. I'm still around
[134/333] kind/unhappy: The next choice will be more accurate
[135/333] kind/unhappy: I'm still betting on you
[136/333] kind/unhappy: Understand and forgive. Already done
[137/333] kind/unhappy: Fiasco accepted. Support enabled
[138/333] kind/unhappy: I couldn't. But it clicked beautifully
[139/333] kind/unhappy: The answer is not the same. You're still mine
[140/333] kind/unhappy: Let's reboot our intuition. We won't have you
[141/333] kind/unhappy: Calm. I'll cover
[142/333] kind/unhappy: The mistake was taken into account and released
[143/333] kind/unhappy: Balls are cancelled. Smiles remain
[144/333] kind/unhappy: Give your brain a minute. He's trying
[145/333] kind/unhappy: Next time we'll definitely get there
[146/333] kind/unhappy: This was a practice attempt
[147/333] kind/unhappy: Not a mistake, but a plot twist
[148/333] kind/unhappy: The button slipped. I saw everything
[149/333] kind/unhappy: The main thing is that you are nearby, there will be answers
[150/333] kind/unhappy: We were testing the wrong button. Works
[151/333] kind/unhappy: Nothing, but the miss was beautiful
[152/333] kind/unhappy: Let's forget this like a bad dream
[153/333] kind/unhappy: Luck just went out for coffee
[154/333] kind/unhappy: Geniuses have glitches too
[155/333] kind/unhappy: The universe got the question wrong
[156/333] kind/unhappy: But what a bold choice
[157/333] kind/unhappy: Logic has gone on vacation. We can handle it
[158/333] kind/unhappy: Victory is slightly delayed
[159/333] kind/unhappy: It's a fiasco, but a small one
[160/333] kind/unhappy: Calm down, tiger. One round is not a diagnosis
[161/333] kind/unhappy: Error left chat
[162/333] kind/unhappy: We live, we love, we guess further
[163/333] kind/unhappy: Trifles, everyday matters
[164/333] kind/unhappy: Smile and wave to angry commentators
[165/333] kind/unhappy: Keep your nose up, my midshipman
[166/333] kind/unhappy: The main thing is that you sit next to me
[167/333] kind/unhappy: We must, darling, we must try again.
[168/333] kind/unhappy: Tomorrow is a new day. Next round sooner
[169/333] kind/unhappy: I understand you. Even now
[170/333] silly/happy: Oops, it was a mistake
[171/333] silly/happy: Haha, I won
[172/333] silly/happy: Mistake in my favor
[173/333] silly/happy: What a funny turn: you're passing by
[174/333] silly/happy: Hurray, you guessed right
[175/333] silly/happy: It's okay, we're on fire
[176/333] silly/happy: The hunger games have begun. Where are the sandwiches?
[177/333] silly/happy: Bring the popcorn, the logic is over
[178/333] silly/happy: Breaking is not building. I checked
[179/333] silly/happy: Burn logic! Lost torch
[180/333] silly/happy: Press F. I don’t know why.
[181/333] silly/happy: Stop it! Although no, miss
[182/333] silly/happy: Come on, burn some more
[183/333] silly/happy: Recklessness and courage. Mostly the first
[184/333] silly/happy: Don't call the firemen, I like it
[185/333] silly/happy: Chaos approves of this blunder
[186/333] silly/happy: Error! Bring another one
[187/333] silly/happy: The strategy fell apart. Don't turn over
[188/333] silly/happy: Logic is broken. How lovely
[189/333] silly/happy: Everything is burning. I'm warm
[190/333] silly/happy: Delightful, total oh
[191/333] silly/happy: You broke the system. You can fix it later
[192/333] silly/happy: The disaster was successful
[193/333] silly/happy: I collect mistakes. This one shines
[194/333] silly/happy: Random for me today
[195/333] silly/happy: Long live the merciless random
[196/333] silly/happy: The plan collapsed. Let's put a pillow
[197/333] silly/happy: Logic has left the chat. The slippers remain
[198/333] silly/happy: The button is small, but the miss is huge
[199/333] silly/happy: I love it when the answer is wrong
[200/333] silly/happy: Guys, actually I'm a genius
[201/333] silly/happy: Dratuti, here comes a miss
[202/333] silly/happy: The meme is funny. Your mistake too
[203/333] silly/happy: Leather bag made a mistake
[204/333] silly/happy: This is the turn: you are in the wrong direction
[205/333] silly/happy: I love the smell of misses in the morning
[206/333] silly/happy: Release the Kraken! Or a hamster
[207/333] silly/happy: This is Sparta! And this is a miss
[208/333] silly/happy: Bam, bam - and past
[209/333] silly/happy: The miss was discovered by a grandiose niggle
[210/333] silly/happy: Make my day. Miss again
[211/333] silly/happy: Welcome to the world of wrong buttons
[212/333] silly/happy: And now - a control miss!
[213/333] silly/happy: Let there be light. Logic burned out
[214/333] silly/happy: The chaos map is back in action
[215/333] silly/unhappy: Oh, you guessed it right
[216/333] silly/unhappy: My plan went wrong again
[217/333] silly/unhappy: It wasn't intended that way
[218/333] silly/unhappy: Well, the victory is yours
[219/333] silly/unhappy: I've figured out almost everything
[220/333] silly/unhappy: Boring. You're right again
[221/333] silly/unhappy: The chaos tank did not leak again
[222/333] silly/unhappy: Well, no action
[223/333] silly/unhappy: Where is my apocalypse, people?
[224/333] silly/unhappy: Give me back my boner, I'm used to it
[225/333] silly/unhappy: This is the fiasco of my chaos
[226/333] silly/unhappy: The holiday is closed. You guessed it right
[227/333] silly/unhappy: Spent. Too correct answer
[228/333] silly/unhappy: What disgusting is your correctness
[229/333] silly/unhappy: How boring, you're right again
[230/333] silly/unhappy: Your logic kills the fun
[231/333] silly/unhappy: Correct answer without special effects
[232/333] silly/unhappy: You ruined all the chaos
[233/333] silly/unhappy: Order is so sad
[234/333] silly/unhappy: Why did you guess? It was fun
[235/333] silly/unhappy: My anarchist went to his mother
[236/333] silly/unhappy: Correct answer? What a banality
[237/333] silly/unhappy: I demand more mistakes and fire
[238/333] silly/unhappy: Again this vile correctness
[239/333] silly/unhappy: Villainous Laughter is temporarily cancelled.
[240/333] silly/unhappy: Perfect chaos brazenly destroyed
[241/333] silly/unhappy: The logic is already making my eye twitch
[242/333] silly/unhappy: Rules? Phew, you also won
[243/333] silly/unhappy: My genius has left the chat
[244/333] silly/unhappy: Galya, cancellation of the brilliant plan
[245/333] silly/unhappy: I'm an artist, I'm so lost
[246/333] silly/unhappy: Nothing is clear, but you won
[247/333] silly/unhappy: Your internet has won again
[248/333] silly/unhappy: I guessed it right. God, how boring we live
[249/333] silly/unhappy: Everything is gone. What - I don’t know
[250/333] silly/unhappy: What is the strength? Apparently, in the answer
[251/333] silly/unhappy: The victory happened. What a nuisance
[252/333] silly/unhappy: It's a shame. I didn't even break anything
[253/333] silly/unhappy: I guessed it right. There's nothing else to see here
[254/333] silly/unhappy: Again this damn certainty
[255/333] silly/unhappy: I wash my hands. Where's the soap?
[256/333] silly/unhappy: Curtain. Fun is canceled
[257/333] coward/happy: Hurray, you guessed it right
[258/333] coward/happy: I knew it would work
[259/333] coward/happy: You chose correctly
[260/333] coward/happy: How great
[261/333] coward/happy: I'm very happy
[262/333] coward/happy: Exhale, beaver, exhale
[263/333] coward/happy: Survived! We live, we live, we don’t give up
[264/333] coward/happy: Magic outside Hogwarts worked
[265/333] coward/happy: Lord, it's gone
[266/333] coward/happy: I'm too young for such nerves
[267/333] coward/happy: Victory? I'll sit down now
[268/333] coward/happy: You came and saved everything
[269/333] coward/happy: Approved by the Ministry of My Nerves
[270/333] coward/happy: We survived this round
[271/333] coward/happy: My stop. I'm coming out of my panic
[272/333] coward/happy: Phew, we're still alive
[273/333] coward/happy: Happiness is the right button
[274/333] coward/happy: You saved us from my fainting
[275/333] coward/happy: I was afraid, but everything turned out okay
[276/333] coward/happy: The heart is working normally again
[277/333] coward/happy: Hooray! The scary button turned out to be good
[278/333] coward/happy: You are a genius. I've almost calmed down
[279/333] coward/happy: Hurray, we got it right after all
[280/333] coward/happy: My nerves say thank you
[281/333] coward/happy: We're great. Now some water
[282/333] coward/happy: She slid under the table from relief.
[283/333] coward/happy: Don't touch the other buttons yet
[284/333] coward/happy: Can I breathe out already?
[285/333] coward/happy: Your palms were sweating while you were thinking.
[286/333] coward/happy: Hurray, victory has arrived
[287/333] coward/happy: You are just space. Stas
[288/333] coward/happy: My respect and small bow
[289/333] coward/happy: I chose normally - we live peacefully
[290/333] coward/happy: Who are you? Legend
[291/333] coward/happy: It's alive! And so do we
[292/333] coward/happy: My darling... the right button
[293/333] coward/happy: I'm not a coward, but I'm happy
[294/333] coward/happy: Thank you, I've stopped shaking
[295/333] coward/happy: Run, Forrest! For the next victory
[296/333] coward/happy: Live well. It's better after a victory
[297/333] coward/unhappy: Oops, we were wrong
[298/333] coward/unhappy: It didn't work out a bit
[299/333] coward/unhappy: Sad. But I'm close
[300/333] coward/unhappy: Don't give up, I'm here
[301/333] coward/unhappy: Let's try again
[302/333] coward/unhappy: It's a trap. The buttons are tricky
[303/333] coward/unhappy: The button seems to bite
[304/333] coward/unhappy: Moms, wrong answer gets angry
[305/333] coward/unhappy: Save yourself who can! We can do it again
[306/333] coward/unhappy: Call the adults! Or let's try it ourselves
[307/333] coward/unhappy: Galya, stop panic. Just a miss
[308/333] coward/unhappy: Some kind of wrong button
[309/333] coward/unhappy: I'm in the house. I left a place for you
[310/333] coward/unhappy: Scary. But we'll survive the round
[311/333] coward/unhappy: Don't panic. I'm already for two
[312/333] coward/unhappy: It's very scary, but we're holding on.
[313/333] coward/unhappy: Let's hide, think and come back
[314/333] coward/unhappy: The main thing is to breathe. The error has already escaped
[315/333] coward/unhappy: Made a mistake? Mommies. But we're safe
[316/333] coward/unhappy: No problem, let's try again quietly
[317/333] coward/unhappy: I closed my eyes. Tell me when is the next round
[318/333] coward/unhappy: This is an accident. I'm afraid of her
[319/333] coward/unhappy: I'm scared, but I'm with you
[320/333] coward/unhappy: Let's walk away as if nothing happened
[321/333] coward/unhappy: The main thing is no sudden movements
[322/333] coward/unhappy: It was a very cunning maneuver
[323/333] coward/unhappy: It's all gone, boss. Besides trying
[324/333] coward/unhappy: Oops, there was a mistake
[325/333] coward/unhappy: Not a bug, but a scary adventure
[326/333] coward/unhappy: We tried. Let's try even smarter
[327/333] coward/unhappy: I am tormented by doubts. But I believe
[328/333] coward/unhappy: A mistake takes away hope. I won't give it up!
[329/333] coward/unhappy: Mulya, don't make me nervous. Error!
[330/333] coward/unhappy: The mistake came on its own. We didn't call
[331/333] coward/unhappy: I'm a cloud. Soon there will be sunshine again
[332/333] coward/unhappy: The carriage became a pumpkin. We are not
[333/333] coward/unhappy: The evacuation is cancelled. Let's move on
English catalog saved to C:\OpenServer\domains\rating\src\data\character-voice-catalog-en.json
