[1/333] yellow/happy/01.mp3 уже готов
[2/333] yellow/happy/02.mp3 уже готов
[3/333] yellow/happy/03.mp3 уже готов
[4/333] yellow/happy: «Какой уверенный провал»... готово
[5/333] yellow/happy: «Предсказуемо. И очень смешно»... готово
[6/333] yellow/happy: «Пацан к успеху шёл. Не дошёл»... готово
[7/333] yellow/happy: «Промах. Давай по новой, всё фигня»... готово
[8/333] yellow/happy: «В этот момент ты понял: промах»... готово
[9/333] yellow/happy: «Абсолютно не стонкс»... готово
[10/333] yellow/happy: «Ошибки продаёшь? Нет, только показываешь»... готово
[11/333] yellow/happy: «Оскар за промах уже твой»... готово
[12/333] yellow/happy: «Легендарный промах. Земля содрогнулась»... готово
[13/333] yellow/happy: «Не фартануло. Удивительно»... готово
[14/333] yellow/happy: «Запускайте титры. Герой ошибся»... готово
[15/333] yellow/happy: «Кто ты такой? Иди переугадывай»... готово
[16/333] yellow/happy: «Ты старался — уже смешно»... готово
[17/333] yellow/happy: «Интеллект покинул это здание»... готово
[18/333] yellow/happy: «Твой мозг ушёл в спячку»... готово
[19/333] yellow/happy: «Ошибка? Какая неожиданность»... готово
[20/333] yellow/happy: «Зато промахнулся с пафосом»... готово
[21/333] yellow/happy: «Премия «Лучший провал» твоя»... готово
[22/333] yellow/happy: «Гениально мимо. Снимаю шляпу»... готово
[23/333] yellow/happy: «Глазомер снова продан отдельно»... готово
[24/333] yellow/happy: «Даже провал тобой впечатлён»... готово
[25/333] yellow/happy: «Нажми ещё раз, посмеёмся»... готово
[26/333] yellow/happy: «Дно пробито. Ты ещё копаешь»... готово
[27/333] yellow/happy: «Открывай музей своих промахов»... готово
[28/333] yellow/happy: «Грабли найдены. Ты наступил»... готово
[29/333] yellow/happy: «Диагноз: хронически не та кнопка»... готово
[30/333] yellow/happy: «Великолепный, эталонный промах»... готово
[31/333] yellow/happy: «Это фиаско, братан»... готово
[32/333] yellow/happy: «А ловко ты промахнулся»... готово
[33/333] yellow/happy: «Никогда такого не было. И снова»... готово
[34/333] yellow/happy: «И снова здравствуйте, ошибка»... готово
[35/333] yellow/happy: «Штош, минус одна попытка»... готово
[36/333] yellow/happy: «Хьюстон, у тебя проблемы»... готово
[37/333] yellow/happy: «Ты не пройдёшь. Уже не прошёл»... готово
[38/333] yellow/happy: «Кина не будет. Ты всё испортил»... готово
[39/333] yellow/happy: «Сила явно не с тобой»... готово
[40/333] yellow/happy: «Промах засчитан. Аплодисменты отменяются»... готово
[41/333] yellow/happy: «Аста ла виста, победа»... готово
[42/333] yellow/happy: «У тебя ответ отклеился»... готово
[43/333] yellow/happy: «Жалкое зрелище. Зато бесплатное»... готово
[44/333] yellow/happy: «И восстали ошибки из пепла»... готово
[45/333] yellow/unhappy: «Это просто случайность»... готово
[46/333] yellow/unhappy: «Не радуйся слишком рано»... готово
[47/333] yellow/unhappy: «Тебе опять повезло»... готово
[48/333] yellow/unhappy: «В следующий раз проиграешь»... готово
[49/333] yellow/unhappy: «Не может быть, угадал»... готово
[50/333] yellow/unhappy: «Это монтаж. Я протестую»... готово
[51/333] yellow/unhappy: «Ну да. Иди гордись»... готово
[52/333] yellow/unhappy: «Вы не понимаете, это другое»... готово
[53/333] yellow/unhappy: «Никакого праздника. Ты просто угадал»... готово
[54/333] yellow/unhappy: «А разговоров-то было. Ты просто угадал»... готово
[55/333] yellow/unhappy: «Ты втираешь мне какую-то победу»... готово
[56/333] yellow/unhappy: «Да кто так выигрывает»... готово
[57/333] yellow/unhappy: «Победитель нашёлся. Ненадолго»... готово
[58/333] yellow/unhappy: «Твоя удача нарушает правила»... готово
[59/333] yellow/unhappy: «Кто тебе слил ответы»... готово
[60/333] yellow/unhappy: «Опять случайно попал в цель»... готово
[61/333] yellow/unhappy: «Раунд куплен. Я протестую»... готово
[62/333] yellow/unhappy: «Твоя удача меня бесит»... готово
[63/333] yellow/unhappy: «Умный, да? Посмотрим дальше»... готово
[64/333] yellow/unhappy: «Просто повезло. Не обольщайся»... готово
[65/333] yellow/unhappy: «Отмените этот правильный ответ»... готово
[66/333] yellow/unhappy: «Игра явно тебе подсуживает»... готово
[67/333] yellow/unhappy: «Моё разочарование обновило рекорд»... готово
[68/333] yellow/unhappy: «Требую VAR! Ответ проплачен»... готово
[69/333] yellow/unhappy: «Душно от твоей гениальности»... готово
[70/333] yellow/unhappy: «Возьми пирожок и уходи»... готово
[71/333] yellow/unhappy: «Кто пустил сюда бота»... готово
[72/333] yellow/unhappy: «Совпадение? Не думаю. Подглядывал»... готово
[73/333] yellow/unhappy: «Галя, отмена. Он опять угадал»... готово
[74/333] yellow/unhappy: «Нельзя просто взять и угадать»... готово
[75/333] yellow/unhappy: «Ну да, ну да. Повезло»... готово
[76/333] yellow/unhappy: «Это другое. Переигрываем»... готово
[77/333] yellow/unhappy: «Какая гадость эта ваша победа»... готово
[78/333] yellow/unhappy: «Не узнаю тебя: взял и выиграл»... готово
[79/333] yellow/unhappy: «Кто замуровал мою победу?»... готово
[80/333] yellow/unhappy: «Тьфу на твою победу»... готово
[81/333] yellow/unhappy: «Чего тебе надобно, победитель»... готово
[82/333] yellow/unhappy: «Ты слишком много знал»... готово
[83/333] yellow/unhappy: «Элементарно? Тогда не считается»... готово
[84/333] yellow/unhappy: «Огласите весь список своих подсказок»... готово
[85/333] yellow/unhappy: «Продолжения твоего банкета не будет»... готово
[86/333] green/happy: «Да, ты угадал»... готово
[87/333] green/happy: «У тебя получилось»... готово
[88/333] green/happy: «Какой отличный выбор»... готово
[89/333] green/happy: «Я тобой горжусь»... готово
[90/333] green/happy: «Вот это интуиция»... готово
[91/333] green/happy: «За тебя и твою интуицию»... готово
[92/333] green/happy: «Правильный ответ? Кросиво»... готово
[93/333] green/happy: «Стонкс! Мы просто великолепны»... готово
[94/333] green/happy: «Этот парень выбирает точно»... готово
[95/333] green/happy: «Как похорошела интуиция при тебе»... готово
[96/333] green/happy: «Победу в студию. И поцелуй»... готово
[97/333] green/happy: «Безумно можно быть первым. Ты смог»... готово
[98/333] green/happy: «Это норма. Ты молодец»... готово
[99/333] green/happy: «Переверну календарь — там твоя победа»... готово
[100/333] green/happy: «Моя остановочка. Выходим праздновать»... готово
[101/333] green/happy: «Ты просто космос, чемпион»... готово
[102/333] green/happy: «Логика сработала на все сто»... готово
[103/333] green/happy: «Звёзды сошлись. Я помогла»... готово
[104/333] green/happy: «Твой мозг качает бицепсы»... готово
[105/333] green/happy: «Победа со вкусом клубники»... готово
[106/333] green/happy: «Гениально. Заверните мне этого умника»... готово
[107/333] green/happy: «Ты мой любимый умник»... готово
[108/333] green/happy: «Интуиции пирожок. Тебе — поцелуй»... готово
[109/333] green/happy: «Танцуем танец победителей»... готово
[110/333] green/happy: «Идеально, как пицца в пятницу»... готово
[111/333] green/happy: «Мои внутренние бабочки аплодируют»... готово
[112/333] green/happy: «Зашло как флешка с первого раза»... готово
[113/333] green/happy: «Самый умный кабачок. И мой»... готово
[114/333] green/happy: «Интуиция стабильнее моего Wi-Fi»... готово
[115/333] green/happy: «Чуть не обняла монитор. Иди сюда»... готово
[116/333] green/happy: «Вжух, и ты угадал»... готово
[117/333] green/happy: «Это база. Ты молодец»... готово
[118/333] green/happy: «Моё почтение, легенда»... готово
[119/333] green/happy: «Хорош, чертяка. Ещё сильнее влюблюсь»... готово
[120/333] green/happy: «Победа вошла в чат. Ставлю сердечко»... готово
[121/333] green/happy: «Танцуют все. Ты со мной»... готово
[122/333] green/happy: «Какая лепота. Особенно победитель»... готово
[123/333] green/happy: «Бесконечность не предел. Раунд наш»... готово
[124/333] green/happy: «Я королева мира. Ты мой чемпион»... готово
[125/333] green/happy: «Мы строили, строили и наконец угадали»... готово
[126/333] green/happy: «Сила с тобой. Победа тоже»... готово
[127/333] green/happy: «Элементарно, мой дорогой Ватсон»... готово
[128/333] green/happy: «Ку! Три раза ку за победу»... готово
[129/333] green/happy: «Командовать парадом будешь ты»... готово
[130/333] green/happy: «Красота-то какая! Это про твой выбор»... готово
[131/333] green/unhappy: «Ничего, попробуй ещё»... готово
[132/333] green/unhappy: «Не расстраивайся, бывает»... готово
[133/333] green/unhappy: «Не вышло. Я всё равно рядом»... готово
[134/333] green/unhappy: «Следующий выбор будет точнее»... готово
[135/333] green/unhappy: «Я всё равно ставлю на тебя»... готово
[136/333] green/unhappy: «Понять и простить. Уже сделано»... готово
[137/333] green/unhappy: «Фиаско принято. Поддержка включена»... готово
[138/333] green/unhappy: «Не смог. Зато красиво нажал»... готово
[139/333] green/unhappy: «Ответ не тот. Ты всё равно мой»... готово
[140/333] green/unhappy: «Интуицию перезагрузим. Тебя не будем»... готово
[141/333] green/unhappy: «Спокойствие. Я прикрою»... готово
[142/333] green/unhappy: «Ошибку учли и отпустили»... готово
[143/333] green/unhappy: «Шарики отменяются. Улыбки остаются»... готово
[144/333] green/unhappy: «Дай мозгу минутку. Он старается»... готово
[145/333] green/unhappy: «В следующий раз точно попадём»... готово
[146/333] green/unhappy: «Это была тренировочная попытка»... готово
[147/333] green/unhappy: «Не ошибка, а сюжетный поворот»... готово
[148/333] green/unhappy: «Кнопочка соскользнула. Я всё видела»... готово
[149/333] green/unhappy: «Главное — ты рядом, ответы ещё будут»... готово
[150/333] green/unhappy: «Мы проверяли неправильную кнопку. Работает»... готово
[151/333] green/unhappy: «Ничего, зато промах был красивый»... готово
[152/333] green/unhappy: «Забудем это как страшный сон»... готово
[153/333] green/unhappy: «Удача просто вышла за кофе»... готово
[154/333] green/unhappy: «У гениев тоже бывают сбои»... готово
[155/333] green/unhappy: «Вселенная неправильно задала вопрос»... готово
[156/333] green/unhappy: «Зато какой смелый выбор»... готово
[157/333] green/unhappy: «Логика ушла в отпуск. Мы справимся»... готово
[158/333] green/unhappy: «Победа слегка задерживается»... готово
[159/333] green/unhappy: «Это фиаско, но маленькое»... готово
[160/333] green/unhappy: «Спокойно, тигр. Один раунд — не диагноз»... готово
[161/333] green/unhappy: «Ошибка вышла из чата»... готово
[162/333] green/unhappy: «Живём, любим, угадываем дальше»... готово
[163/333] green/unhappy: «Пустяки, дело житейское»... готово
[164/333] green/unhappy: «Улыбаемся и машем злым комментаторам»... готово
[165/333] green/unhappy: «Не вешать нос, мой гардемарин»... готово
[166/333] green/unhappy: «Главное, чтобы ты рядом сидел»... готово
[167/333] green/unhappy: «Надо, милый, надо — попробовать ещё»... готово
[168/333] green/unhappy: «Завтра новый день. Следующий раунд раньше»... готово
[169/333] green/unhappy: «Я тебя понимаю. Даже сейчас»... готово
[170/333] purple/happy: «Ой, промах получился»... готово
[171/333] purple/happy: «Ха-ха, я победил»... готово
[172/333] purple/happy: «Ошибка в мою пользу»... готово
[173/333] purple/happy: «Какой смешной поворот: ты мимо»... готово
[174/333] purple/happy: «Ура, ты не угадал»... готово
[175/333] purple/happy: «Всё хорошо, мы горим»... готово
[176/333] purple/happy: «Голодные игры начались. Где бутерброды?»... готово
[177/333] purple/happy: «Неси попкорн, логика закончилась»... готово
[178/333] purple/happy: «Ломать — не строить. Я проверял»... готово
[179/333] purple/happy: «Сжечь логику! Факел потерял»... готово
[180/333] purple/happy: «Нажми F. Зачем — не знаю»... готово
[181/333] purple/happy: «Астанавитесь! Хотя нет, промахивайся»... готово
[182/333] purple/happy: «Давай, жги ещё»... готово
[183/333] purple/happy: «Безрассудство и отвага. В основном первое»... готово
[184/333] purple/happy: «Пожарных не зовите, мне нравится»... готово
[185/333] purple/happy: «Хаос одобряет этот промах»... готово
[186/333] purple/happy: «Ошибка! Несите ещё одну»... готово
[187/333] purple/happy: «Стратегия упала. Не кантовать»... готово
[188/333] purple/happy: «Логика сломалась. Какая прелесть»... готово
[189/333] purple/happy: «Всё горит. Мне тепло»... готово
[190/333] purple/happy: «Восхитительный, тотальный ой»... готово
[191/333] purple/happy: «Ты сломал систему. Починишь потом»... готово
[192/333] purple/happy: «Катастрофа прошла успешно»... готово
[193/333] purple/happy: «Коллекционирую ошибки. Эта блестит»... готово
[194/333] purple/happy: «Рандом сегодня за меня»... готово
[195/333] purple/happy: «Да здравствует беспощадный рандом»... готово
[196/333] purple/happy: «План рухнул. Подложим подушку»... готово
[197/333] purple/happy: «Логика покинула чат. Тапки остались»... готово
[198/333] purple/happy: «Кнопка маленькая, а промах огромный»... готово
[199/333] purple/happy: «Обожаю, когда ответ неправильный»... готово
[200/333] purple/happy: «Пацаны, вообще-то я гений»... готово
[201/333] purple/happy: «Дратути, а вот и промах»... готово
[202/333] purple/happy: «Мем смешной. Твой промах тоже»... готово
[203/333] purple/happy: «Кожаный мешок ошибся»... готово
[204/333] purple/happy: «Вот это поворот: ты не туда»... готово
[205/333] purple/happy: «Люблю запах промахов поутру»... готово
[206/333] purple/happy: «Выпускайте Кракена! Или хомяка»... готово
[207/333] purple/happy: «Это Спарта! А это промах»... готово
[208/333] purple/happy: «Бац, бац — и мимо»... готово
[209/333] purple/happy: «Промах открыл грандиозный шухер»... готово
[210/333] purple/happy: «Сделай мой день. Промахнись ещё»... готово
[211/333] purple/happy: «Добро пожаловать в мир неправильных кнопок»... готово
[212/333] purple/happy: «А теперь — контрольный промах!»... готово
[213/333] purple/happy: «Да будет свет. Логика сгорела»... готово
[214/333] purple/happy: «Карта хаоса снова в деле»... готово
[215/333] purple/unhappy: «Ой, ты угадал»... готово
[216/333] purple/unhappy: «Мой план опять сломался»... готово
[217/333] purple/unhappy: «Так было не задумано»... готово
[218/333] purple/unhappy: «Ну вот, победа твоя»... готово
[219/333] purple/unhappy: «Я почти всё просчитал»... готово
[220/333] purple/unhappy: «Скучно. Ты опять прав»... готово
[221/333] purple/unhappy: «Бачок хаоса снова не потёк»... готово
[222/333] purple/unhappy: «Ну вот, никакого экшена»... готово
[223/333] purple/unhappy: «Где мой апокалипсис, народ»... готово
[224/333] purple/unhappy: «Верните мой промах, я привык»... готово
[225/333] purple/unhappy: «Это фиаско моего хаоса»... готово
[226/333] purple/unhappy: «Праздник закрыт. Ты угадал»... готово
[227/333] purple/unhappy: «Потрачено. Слишком правильный ответ»... готово
[228/333] purple/unhappy: «Какая гадость ваша правильность»... готово
[229/333] purple/unhappy: «Как скучно, ты снова прав»... готово
[230/333] purple/unhappy: «Твоя логика убивает веселье»... готово
[231/333] purple/unhappy: «Правильный ответ без спецэффектов»... готово
[232/333] purple/unhappy: «Ты испортил весь хаос»... готово
[233/333] purple/unhappy: «Порядок — это так тоскливо»... готово
[234/333] purple/unhappy: «Зачем угадал? Было же весело»... готово
[235/333] purple/unhappy: «Мой анархист пошёл к маме»... готово
[236/333] purple/unhappy: «Верный ответ? Какая банальность»... готово
[237/333] purple/unhappy: «Требую больше ошибок и огня»... готово
[238/333] purple/unhappy: «Опять эта мерзкая правильность»... готово
[239/333] purple/unhappy: «Злодейский смех временно отменяется»... готово
[240/333] purple/unhappy: «Идеальный хаос нагло разрушен»... готово
[241/333] purple/unhappy: «От логики уже глаз дёргается»... готово
[242/333] purple/unhappy: «Правила? Фу, ты ещё и выиграл»... готово
[243/333] purple/unhappy: «Моя гениальность покинула чат»... готово
[244/333] purple/unhappy: «Галя, отмена гениального плана»... готово
[245/333] purple/unhappy: «Я художник, я так проиграл»... готово
[246/333] purple/unhappy: «Ничего не понятно, но ты победил»... готово
[247/333] purple/unhappy: «Этот ваш интернет опять победил»... готово
[248/333] purple/unhappy: «Угадал. Господи, как скучно живём»... готово
[249/333] purple/unhappy: «Всё пропало. Что — не знаю»... готово
[250/333] purple/unhappy: «В чём сила? Видимо, в ответе»... готово
[251/333] purple/unhappy: «Победа случилась. Какая неприятность»... готово
[252/333] purple/unhappy: «Обидно. Я даже ничего не сломал»... готово
[253/333] purple/unhappy: «Угадал. Здесь больше не на что смотреть»... готово
[254/333] purple/unhappy: «Опять эта проклятая определённость»... готово
[255/333] purple/unhappy: «Я умываю руки. Где мыло?»... готово
[256/333] purple/unhappy: «Занавес. Веселье отменяется»... готово
[257/333] red/happy: «Ура, ты угадал»... готово
[258/333] red/happy: «Я знала, получится»... готово
[259/333] red/happy: «Ты выбрал правильно»... готово
[260/333] red/happy: «Как же здорово»... готово
[261/333] red/happy: «Я очень рада»... готово
[262/333] red/happy: «Выдыхай, бобёр, выдыхай»... готово
[263/333] red/happy: «Выжили! Живём-живём, не сдаёмся»... готово
[264/333] red/happy: «Магия вне Хогвартса сработала»... готово
[265/333] red/happy: «Господи, пронесло»... готово
[266/333] red/happy: «Я слишком мала для таких нервов»... готово
[267/333] red/happy: «Победа? Я сейчас сяду»... готово
[268/333] red/happy: «Ты пришёл и всё спас»... готово
[269/333] red/happy: «Одобрено министерством моих нервов»... готово
[270/333] red/happy: «Мы пережили этот раунд»... готово
[271/333] red/happy: «Моя остановочка. Выхожу из паники»... готово
[272/333] red/happy: «Фух, мы остались живы»... готово
[273/333] red/happy: «Счастье — это правильная кнопка»... готово
[274/333] red/happy: «Ты спас нас от моего обморока»... готово
[275/333] red/happy: «Я боялась, но всё обошлось»... готово
[276/333] red/happy: «Сердечко снова работает штатно»... готово
[277/333] red/happy: «Ура! Страшная кнопка оказалась доброй»... готово
[278/333] red/happy: «Ты гений. Я почти успокоилась»... готово
[279/333] red/happy: «Ура, мы всё-таки угадали»... готово
[280/333] red/happy: «Мои нервы говорят спасибо»... готово
[281/333] red/happy: «Мы молодцы. Теперь водички»... готово
[282/333] red/happy: «От облегчения сползла под стол»... готово
[283/333] red/happy: «Другие кнопки пока не трогай»... готово
[284/333] red/happy: «Можно я уже выдохну»... готово
[285/333] red/happy: «Ладошки вспотели, пока ты думал»... готово
[286/333] red/happy: «Ура, победа подъехала»... готово
[287/333] red/happy: «Ты просто космос. Стас»... готово
[288/333] red/happy: «Моё увожение и маленький поклон»... готово
[289/333] red/happy: «Нормально выбрал — спокойно живём»... готово
[290/333] red/happy: «Ты кто такой? Легенда»... готово
[291/333] red/happy: «Оно живое! И мы тоже»... готово
[292/333] red/happy: «Моя прелесть... правильная кнопочка»... готово
[293/333] red/happy: «Я не трус, но радуюсь»... готово
[294/333] red/happy: «Спасибо, я уже перестала дрожать»... готово
[295/333] red/happy: «Беги, Форрест! За следующей победой»... готово
[296/333] red/happy: «Жить хорошо. После победы — лучше»... готово
[297/333] red/unhappy: «Ой, мы ошиблись»... готово
[298/333] red/unhappy: «Немножко не получилось»... готово
[299/333] red/unhappy: «Грустно. Но я рядом»... готово
[300/333] red/unhappy: «Не сдавайся, я рядом»... готово
[301/333] red/unhappy: «Давай попробуем ещё»... готово
[302/333] red/unhappy: «Это ловушка. Кнопки хитрые»... готово
[303/333] red/unhappy: «Кажется, кнопка кусается»... готово
[304/333] red/unhappy: «Мамочки, неправильный ответ сердится»... готово
[305/333] red/unhappy: «Спасайся кто может! Мы можем ещё раз»... готово
[306/333] red/unhappy: «Вызывайте взрослых! Или попробуем сами»... готово
[307/333] red/unhappy: «Галя, отмена паники. Просто промах»... готово
[308/333] red/unhappy: «Какая-то неправильная кнопка»... готово
[309/333] red/unhappy: «Я в домике. Тебе оставила место»... готово
[310/333] red/unhappy: «Страшно. Но раунд переживём»... готово
[311/333] red/unhappy: «Не паникуй. Я уже за двоих»... готово
[312/333] red/unhappy: «Очень страшно, но мы держимся»... готово
[313/333] red/unhappy: «Спрячемся, подумаем и вернёмся»... готово
[314/333] red/unhappy: «Главное, дыши. Ошибка уже убежала»... готово
[315/333] red/unhappy: «Ошиблись? Мамочки. Но мы целы»... готово
[316/333] red/unhappy: «Ничего, тихонько попробуем ещё»... готово
[317/333] red/unhappy: «Я зажмурилась. Скажи, когда следующий раунд»... готово
[318/333] red/unhappy: «Это случайность. Я её боюсь»... готово
[319/333] red/unhappy: «Мне страшно, но я с тобой»... готово
[320/333] red/unhappy: «Отойдём, будто ничего не было»... готово
[321/333] red/unhappy: «Главное, без резких движений»... готово
[322/333] red/unhappy: «Это был очень хитрый манёвр»... готово
[323/333] red/unhappy: «Всё пропало, шеф. Кроме попыток»... готово
[324/333] red/unhappy: «Ой, случилась промашечка»... готово
[325/333] red/unhappy: «Не баг, а страшное приключение»... готово
[326/333] red/unhappy: «Мы пытались. Попробуем ещё умнее»... готово
[327/333] red/unhappy: «Меня терзают сомнения. Но я верю»... готово
[328/333] red/unhappy: «Ошибка надежду отнимает. Не отдам!»... готово
[329/333] red/unhappy: «Муля, не нервируй меня. Ошибка!»... готово
[330/333] red/unhappy: «Промах сам пришёл. Мы не звали»... готово
[331/333] red/unhappy: «Я тучка. Скоро снова солнышко»... готово
[332/333] red/unhappy: «Карета стала тыквой. Мы — нет»... готово
[333/333] red/unhappy: «Эвакуация отменяется. Идём дальше»... готово
Все отобранные реплики сгенерированы и опубликованы.
